=== DS2 Seamless Co-op Log ===
Started: 2026-05-26 22:41:55
===============================
[22:41:55] [INFO ] ========================================
[22:41:55] [INFO ] DLL_PROCESS_ATTACH - DLL IS LOADING!
[22:41:55] [INFO ] DS2 Seamless Co-op Mod v1.0.0
[22:41:55] [INFO ] DLL Module Handle: 0x00007FFE1F3D0000
[22:41:55] [INFO ] Process ID: 22364
[22:41:55] [INFO ] ========================================
[22:41:55] [INFO ] DarkSoulsII.exe SHA-256: 0045931B8914504531B7864A9488D396DC50CBAF524964016E1D69C3D1173131 (allowlisted)
[22:41:55] [INFO ] DllMain returning TRUE (success)
[22:41:55] [INFO ] Mod initialization thread started...
[22:41:58] [INFO ] Calling SeamlessCoopMod::Initialize()...
[22:41:58] [INFO ] ==========================================
[22:41:58] [INFO ] Initializing Seamless Co-op Mod...
[22:41:58] [INFO ] ==========================================
[22:41:58] [INFO ] Loading configuration...
[22:41:58] [INFO ] Configuration loaded from file
[22:41:58] [INFO ] Detecting game version...
[22:41:58] [INFO ]   Module base: 0x00007FF6EF450000
[22:41:58] [INFO ]   Assuming Steam latest version
[22:41:58] [INFO ] [1/6] Initializing MinHook...
[22:41:58] [INFO ] Initializing MinHook...
[22:41:58] [INFO ] MinHook initialized
[22:41:58] [INFO ]   MinHook ready
[22:41:58] [INFO ] [2/6] Scanning for game addresses...
[22:41:58] [INFO ] === Address Resolution Starting ===
[22:41:58] [INFO ] Scanning for GameManagerImp...
[22:41:58] [INFO ] Scanning for pattern in module (base: 0x00007FF6EF450000, size: 0x1D76000)
[22:41:58] [INFO ] Pattern found at: 0x00007FF6EF845219 (offset: 0x3F5219)
[22:41:58] [INFO ] RIP resolution: instruction=0x00007FF6EF845219, offset=3, size=7 -> absolute=0x00007FF6F0A648F0
[22:41:58] [INFO ] Scanning for NetSessionManager...
[22:41:58] [INFO ] Scanning for pattern in module (base: 0x00007FF6EF450000, size: 0x1D76000)
[22:41:58] [INFO ] Pattern found at: 0x00007FF6EF96B272 (offset: 0x51B272)
[22:41:58] [INFO ] RIP resolution: instruction=0x00007FF6EF96B272, offset=3, size=7 -> absolute=0x00007FF6F0A66CF8
[22:41:58] [INFO ] Scanning for pattern in module (base: 0x00007FF6EF450000, size: 0x1D76000)
[22:41:58] [INFO ] Pattern found at: 0x00007FF6EF740C30 (offset: 0x2F0C30)
[22:41:58] [INFO ] RIP resolution: instruction=0x00007FF6EF740C30, offset=3, size=7 -> absolute=0x00007FF6F0AC51F8
[22:41:58] [INFO ] GameManagerImp = 0x00007FF49B820260 (after 0 retries)
[22:41:59] [INFO ] NetSessionManager = 0x00007FF48E7E0CE0 (after 1 retries)
[22:41:59] [INFO ] === Address Resolution Complete ===
[22:41:59] [INFO ]   GameManagerImp:    0x00007FF49B820260 [OK]
[22:41:59] [INFO ]   NetSessionManager: 0x00007FF48E7E0CE0 [OK]
[22:41:59] [INFO ]   KatanaMainApp:     0x000000E5C494F8E0 [OK]
[22:41:59] [INFO ]   GameManagerImp:    0x00007FF49B820260 [OK]
[22:41:59] [INFO ]   NetSessionManager: 0x00007FF48E7E0CE0 [OK]
[22:41:59] [INFO ] PatchBootPopup: PATCHED OnlineCheck at exe+0xF98C0 (5 bytes)
[22:41:59] [INFO ] PatchBootPopup: PATCHED SteamNetCheck at exe+0xF8FB0 (10 bytes)
[22:41:59] [INFO ] PatchBootPopup: PATCHED GameServerLogin at exe+0xF9820 (5 bytes)
[22:41:59] [INFO ] PatchBootPopup: PATCHED UserPolicy at exe+0xF9040 (10 bytes)
[22:41:59] [INFO ] PatchBootPopup: PATCHED OfflinePopupCall at exe+0x104DEA (5 bytes)
[22:41:59] [INFO ] [H33 POPUP] hook installed at exe+0x4FE2A0 (FE2A0)
[22:41:59] [INFO ] [H33 POPUP] hook installed at exe+0x4FE760 (FE760)
[22:41:59] [INFO ] [H33 POPUP] hook installed at exe+0xF5720 (F5720)
[22:41:59] [INFO ] [H33 POPUP] hook installed at exe+0x51D90 (51D90)
[22:41:59] [INFO ] [H33 POPUP] 4/4 hooks installed
[22:41:59] [INFO ] [3/6] Installing protobuf interception hooks...
[22:41:59] [INFO ] ==========================================
[22:41:59] [INFO ] Installing Protobuf Interception Hooks...
[22:41:59] [INFO ] ==========================================
[22:41:59] [INFO ] Scanning for SerializeWithCachedSizesToArray...
[22:41:59] [INFO ] Scanning for pattern in module (base: 0x00007FF6EF450000, size: 0x1D76000)
[22:41:59] [INFO ] Pattern found at: 0x00007FF6EFB07FC0 (offset: 0x6B7FC0)
[22:41:59] [INFO ]   Found at: 0x00007FF6EFB07FC0
[22:41:59] [INFO ]   HOOKED SerializeWithCachedSizesToArray
[22:41:59] [INFO ] Scanning for ParseFromArray...
[22:41:59] [INFO ] Scanning for pattern in module (base: 0x00007FF6EF450000, size: 0x1D76000)
[22:41:59] [INFO ] Pattern found at: 0x00007FF6EFB07EA0 (offset: 0x6B7EA0)
[22:41:59] [INFO ]   Found at: 0x00007FF6EFB07EA0
[22:41:59] [INFO ]   HOOKED ParseFromArray
[22:41:59] [INFO ] ==========================================
[22:41:59] [INFO ] Protobuf Hooks Result: 2/2 installed
[22:41:59] [INFO ] ==========================================
[22:41:59] [INFO ] Protobuf interception active.
[22:41:59] [INFO ]   Protobuf hooks ACTIVE - disconnect blocking available
[22:41:59] [INFO ] [SEAMLESS] Disconnect blocking ENABLED
[22:41:59] [INFO ] [4/7] Installing Winsock hooks...
[22:41:59] [INFO ] Installing Winsock hooks...
[22:41:59] [INFO ]   HOOKED Winsock connect()
[22:41:59] [INFO ] [4/7] Setting up server redirect to 127.0.0.1:50031...
[22:41:59] [INFO ] [NET] Server redirect configured: 127.0.0.1:50031
[22:41:59] [INFO ] [5/7] Installing game state hooks...
[22:41:59] [INFO ] Installing game state hooks...
[22:41:59] [INFO ] Game state hooks: no addresses available (non-critical)
[22:41:59] [INFO ] Protobuf interception handles disconnect prevention.
[22:41:59] [INFO ] [6/7] Initializing subsystems...
[22:41:59] [INFO ] Initializing peer manager on port 27015...
[22:41:59] [INFO ] [REDIRECT] Installing server redirect to 127.0.0.1
[22:41:59] [INFO ] Peer manager initialized, local ID: 8572764, port: 27015
[22:41:59] [INFO ]   Network manager ready (port 27015)
[22:41:59] [INFO ] Initializing session manager...
[22:41:59] [INFO ] Session manager initialized
[22:41:59] [INFO ]   Session manager ready
[22:41:59] [INFO ] Installing DX11 Present hook...
[22:41:59] [INFO ] [REDIRECT] Loaded public key from ds2_server_public.key (426 bytes)
[22:41:59] [INFO ] [REDIRECT] Patching server hostname to: 127.0.0.1
[22:41:59] [INFO ] IDXGISwapChain::Present at 00007FFE5276D9F0
[22:41:59] [INFO ] IDXGISwapChain::ResizeBuffers at 00007FFE52799D40
[22:41:59] [INFO ] [REDIRECT] Patched hostname at 0x00007FF6F0524AB0
[22:41:59] [INFO ] [REDIRECT] Patched hostname at 0x00007FF6F0524AAF
[22:41:59] [INFO ] [REDIRECT] Hostname patching complete
[22:41:59] [INFO ] [REDIRECT] Patching RSA public key...
[22:41:59] [INFO ] [PRESENT] First Present call intercepted! swapChain=0000020179DCE2A0
[22:41:59] [INFO ] [PRESENT] Device=00000201752C4890 Context=00000201752D80F8
[22:41:59] [INFO ] RTV (re)built: 1920x1080
[22:41:59] [INFO ] ImGui initialized on DX11 device (1920x1080)
[22:41:59] [INFO ] Notification: Seamless Co-op loaded  |  INSERT to open menu
[22:41:59] [INFO ] H-20: emergency-disable hotkey armed (ctrl=1 shift=1 alt=0 vk=0x23)
[22:41:59] [INFO ] [REDIRECT] Patched RSA key at 0x00007FF6F0524B40
[22:41:59] [INFO ] [REDIRECT] RSA key patching complete
[22:41:59] [INFO ] [REDIRECT] Server redirect installed successfully
[22:41:59] [INFO ] ResizeBuffers hook installed
[22:41:59] [INFO ] Present hook installed — ImGui initializes on first game frame
[22:41:59] [INFO ]   DX11 Present hook installed
[22:41:59] [INFO ] Overlay initialized
[22:41:59] [INFO ]   UI overlay ready (Press INSERT for menu)
[22:41:59] [INFO ] ==========================================
[22:41:59] [INFO ] SEAMLESS CO-OP INITIALIZATION COMPLETE
[22:41:59] [INFO ] ==========================================
[22:41:59] [INFO ]   Addresses resolved: YES
[22:41:59] [INFO ]   Protobuf hooks:     ACTIVE
[22:41:59] [INFO ]   Disconnect blocking: ENABLED
[22:41:59] [INFO ] 
[22:41:59] [INFO ]   Press INSERT to open co-op menu
[22:41:59] [INFO ]   Host a session or join via IP
[22:41:59] [INFO ]   Sessions persist through boss kills and deaths
[22:41:59] [INFO ] ==========================================
[22:41:59] [INFO ] ========================================
[22:41:59] [INFO ] MOD INITIALIZED SUCCESSFULLY!
[22:41:59] [INFO ] Press INSERT in-game for co-op menu
[22:41:59] [INFO ] ========================================
[22:41:59] [INFO ] Update thread started
[22:41:59] [INFO ] Title screen notifier thread started
[22:41:59] [INFO ] ========================================
[22:41:59] [INFO ] WINDOW TITLE UPDATED!
[22:41:59] [INFO ] ========================================
[22:41:59] [INFO ] Title bar now shows: DARK SOULS II * SEAMLESS CO-OP ACTIVE * Press INSERT for Menu
[22:41:59] [INFO ] 
[22:41:59] [INFO ] This confirms the mod is loaded and active!
[22:41:59] [INFO ] Look at the top of your game window!
[22:41:59] [INFO ] ========================================
[22:42:08] [INFO ] [H33 POPUP FE760] call=exe+0xFB036 (ret=0x7FF6EF54B03B) a1=00007FF4A3C2C140 a2=00007FF4A4F60990 a3=0000000000000000 a4=0000000000000001
[22:42:08] [INFO ] [H33 POPUP 51D90] call=exe+0x4FE7E1 (ret=0x7FF6EF94E7E6) a1=00007FF49CFACD50 a2=000000E5C494F430 a3=000000E5C494F470 a4=0000000000000001
[22:42:14] [INFO ] Shutting down mod...
[22:42:14] [INFO ] Shutting down mod...
[22:42:14] [INFO ] [SEAMLESS] Disconnect blocking DISABLED
[22:42:14] [INFO ] Blocked 0 disconnect messages during this session
[22:42:14] [INFO ] Total protobuf messages processed: 0
[22:42:14] [INFO ] Shutting down session manager...
[22:42:14] [INFO ] Session manager shut down
[22:42:14] [INFO ] Shutting down peer manager...
[22:42:14] [INFO ] Uninstalling protobuf hooks...
[22:42:14] [INFO ] Uninstalling Winsock hooks...
[22:42:14] [INFO ] Uninstalling game state hooks...
[22:42:14] [INFO ] Shutting down MinHook...
[22:42:14] [INFO ] Mod shutdown complete
===============================
Ended: 2026-05-26 22:42:14
