=== DS2 Seamless Co-op Log ===
Started: 2026-05-27 10:16:01
===============================
[10:16:01] [INFO ] ========================================
[10:16:01] [INFO ] DLL_PROCESS_ATTACH - DLL IS LOADING!
[10:16:01] [INFO ] DS2 Seamless Co-op Mod v1.0.0
[10:16:01] [INFO ] DLL Module Handle: 0x00007FFD983E0000
[10:16:01] [INFO ] Process ID: 25136
[10:16:01] [INFO ] ========================================
[10:16:01] [INFO ] DarkSoulsII.exe SHA-256: 0045931B8914504531B7864A9488D396DC50CBAF524964016E1D69C3D1173131 (allowlisted)
[10:16:01] [INFO ] DllMain returning TRUE (success)
[10:16:01] [INFO ] Mod initialization thread started...
[10:16:04] [INFO ] Calling SeamlessCoopMod::Initialize()...
[10:16:04] [INFO ] ==========================================
[10:16:04] [INFO ] Initializing Seamless Co-op Mod...
[10:16:04] [INFO ] ==========================================
[10:16:04] [INFO ] Loading configuration...
[10:16:04] [INFO ] Configuration loaded from file
[10:16:04] [INFO ] Detecting game version...
[10:16:04] [INFO ]   Module base: 0x00007FF7EE360000
[10:16:04] [INFO ]   Assuming Steam latest version
[10:16:04] [INFO ] [1/6] Initializing MinHook...
[10:16:04] [INFO ] Initializing MinHook...
[10:16:04] [INFO ] MinHook initialized
[10:16:04] [INFO ]   MinHook ready
[10:16:04] [INFO ] [2/6] Scanning for game addresses...
[10:16:04] [INFO ] === Address Resolution Starting ===
[10:16:04] [INFO ] Scanning for GameManagerImp...
[10:16:04] [INFO ] Scanning for pattern in module (base: 0x00007FF7EE360000, size: 0x1D76000)
[10:16:04] [INFO ] Pattern found at: 0x00007FF7EE755219 (offset: 0x3F5219)
[10:16:04] [INFO ] RIP resolution: instruction=0x00007FF7EE755219, offset=3, size=7 -> absolute=0x00007FF7EF9748F0
[10:16:04] [INFO ] Scanning for NetSessionManager...
[10:16:04] [INFO ] Scanning for pattern in module (base: 0x00007FF7EE360000, size: 0x1D76000)
[10:16:04] [INFO ] Pattern found at: 0x00007FF7EE87B272 (offset: 0x51B272)
[10:16:04] [INFO ] RIP resolution: instruction=0x00007FF7EE87B272, offset=3, size=7 -> absolute=0x00007FF7EF976CF8
[10:16:04] [INFO ] Scanning for pattern in module (base: 0x00007FF7EE360000, size: 0x1D76000)
[10:16:04] [INFO ] Pattern found at: 0x00007FF7EE650C30 (offset: 0x2F0C30)
[10:16:04] [INFO ] RIP resolution: instruction=0x00007FF7EE650C30, offset=3, size=7 -> absolute=0x00007FF7EF9D51F8
[10:16:33] [INFO ] GameManagerImp = 0x00007FF442450260 (after 58 retries)
[10:16:34] [INFO ] === Address Resolution Complete ===
[10:16:34] [INFO ]   GameManagerImp:    0x00007FF442450260 [OK]
[10:16:34] [INFO ]   NetSessionManager: 0x0000000000000000 [FAILED]
[10:16:34] [INFO ]   KatanaMainApp:     0x000000E47276FAE0 [OK]
[10:16:34] [WARN ]   Address resolution failed - player data reads will be unavailable
[10:16:34] [WARN ]   Protobuf hooks may still work for disconnect prevention
[10:16:34] [INFO ] PatchBootPopup: PATCHED OnlineCheck at exe+0xF98C0 (5 bytes)
[10:16:34] [INFO ] PatchBootPopup: PATCHED SteamNetCheck at exe+0xF8FB0 (10 bytes)
[10:16:34] [INFO ] PatchBootPopup: PATCHED GameServerLogin at exe+0xF9820 (5 bytes)
[10:16:34] [INFO ] PatchBootPopup: PATCHED OfflinePopupCall at exe+0x104DEA (5 bytes)
[10:16:34] [INFO ] PatchBootPopup: PATCHED OnlineFlagAccessor at exe+0x513600 (5 bytes)
[10:16:34] [INFO ] [3/6] Installing protobuf interception hooks...
[10:16:34] [INFO ] ==========================================
[10:16:34] [INFO ] Installing Protobuf Interception Hooks...
[10:16:34] [INFO ] ==========================================
[10:16:34] [INFO ] Scanning for SerializeWithCachedSizesToArray...
[10:16:34] [INFO ] Scanning for pattern in module (base: 0x00007FF7EE360000, size: 0x1D76000)
[10:16:34] [INFO ] Pattern found at: 0x00007FF7EEA17FC0 (offset: 0x6B7FC0)
[10:16:34] [INFO ]   Found at: 0x00007FF7EEA17FC0
[10:16:34] [INFO ]   HOOKED SerializeWithCachedSizesToArray
[10:16:34] [INFO ] Scanning for ParseFromArray...
[10:16:34] [INFO ] Scanning for pattern in module (base: 0x00007FF7EE360000, size: 0x1D76000)
[10:16:34] [INFO ] Pattern found at: 0x00007FF7EEA17EA0 (offset: 0x6B7EA0)
[10:16:34] [INFO ]   Found at: 0x00007FF7EEA17EA0
[10:16:34] [INFO ]   HOOKED ParseFromArray
[10:16:34] [INFO ] ==========================================
[10:16:34] [INFO ] Protobuf Hooks Result: 2/2 installed
[10:16:34] [INFO ] ==========================================
[10:16:34] [INFO ]   HOOKED RequestCreateSign_send @ exe+0x6A1DE0 (H26 repro)
[10:16:34] [INFO ]   HOOKED protobuf_send_helper @ exe+0x693CC0 (H26 repro)
[10:16:34] [INFO ] Protobuf interception active.
[10:16:34] [INFO ]   Protobuf hooks ACTIVE - disconnect blocking available
[10:16:34] [INFO ] [SEAMLESS] Disconnect blocking ENABLED
[10:16:34] [INFO ] [4/7] Installing Winsock hooks...
[10:16:34] [INFO ] Installing Winsock hooks...
[10:16:35] [INFO ]   HOOKED Winsock connect()
[10:16:35] [INFO ] [4/7] Setting up server redirect to 127.0.0.1:50031...
[10:16:35] [INFO ] [NET] Server redirect configured: 127.0.0.1:50031
[10:16:35] [INFO ] [5/7] Installing game state hooks...
[10:16:35] [INFO ] Installing game state hooks...
[10:16:35] [INFO ] Game state hooks: no addresses available (non-critical)
[10:16:35] [INFO ] Protobuf interception handles disconnect prevention.
[10:16:35] [INFO ] [6/7] Initializing subsystems...
[10:16:35] [INFO ] Initializing peer manager on port 27015...
[10:16:35] [INFO ] [REDIRECT] Installing server redirect to 127.0.0.1
[10:16:35] [INFO ] Peer manager initialized, local ID: 50207803, port: 27015
[10:16:35] [INFO ]   Network manager ready (port 27015)
[10:16:35] [INFO ] Initializing session manager...
[10:16:35] [INFO ] Session manager initialized
[10:16:35] [INFO ]   Session manager ready
[10:16:35] [INFO ] Installing DX11 Present hook...
[10:16:35] [INFO ] [REDIRECT] Loaded public key from ds2_server_public.key (426 bytes)
[10:16:35] [INFO ] [REDIRECT] Patching server hostname to: 127.0.0.1
[10:16:35] [INFO ] [REDIRECT] Patched hostname at 0x00007FF7EF434AB0
[10:16:35] [INFO ] [REDIRECT] Patched hostname at 0x00007FF7EF434AAF
[10:16:35] [INFO ] [REDIRECT] Hostname patching complete
[10:16:35] [INFO ] [REDIRECT] Patching RSA public key...
[10:16:35] [INFO ] [REDIRECT] Patched RSA key at 0x00007FF7EF434B40
[10:16:35] [INFO ] [REDIRECT] RSA key patching complete
[10:16:35] [INFO ] [REDIRECT] Server redirect installed successfully
[10:16:36] [INFO ] IDXGISwapChain::Present at 00007FFE5276D9F0
[10:16:36] [INFO ] IDXGISwapChain::ResizeBuffers at 00007FFE52799D40
[10:16:36] [INFO ] ResizeBuffers hook installed
[10:16:36] [INFO ] Present hook installed — ImGui initializes on first game frame
[10:16:36] [INFO ]   DX11 Present hook installed
[10:16:36] [INFO ] Overlay initialized
[10:16:36] [INFO ]   UI overlay ready (Press INSERT for menu)
[10:16:36] [INFO ] ==========================================
[10:16:36] [INFO ] SEAMLESS CO-OP INITIALIZATION COMPLETE
[10:16:36] [INFO ] ==========================================
[10:16:36] [INFO ]   Addresses resolved: NO
[10:16:36] [INFO ]   Protobuf hooks:     ACTIVE
[10:16:36] [INFO ]   Disconnect blocking: ENABLED
[10:16:36] [INFO ] 
[10:16:36] [INFO ]   Press INSERT to open co-op menu
[10:16:36] [INFO ]   Host a session or join via IP
[10:16:36] [INFO ]   Sessions persist through boss kills and deaths
[10:16:36] [INFO ] ==========================================
[10:16:36] [INFO ] ========================================
[10:16:36] [INFO ] MOD INITIALIZED SUCCESSFULLY!
[10:16:36] [INFO ] Press INSERT in-game for co-op menu
[10:16:36] [INFO ] ========================================
[10:16:36] [INFO ] Update thread started
[10:16:36] [INFO ] Title screen notifier thread started
[10:16:37] [INFO ] [PRESENT] First Present call intercepted! swapChain=00000241DF0BACA0
[10:16:37] [INFO ] [PRESENT] Device=000002418A654820 Context=000002418A65EB88
[10:16:37] [INFO ] RTV (re)built: 1920x1080
[10:16:37] [INFO ] ImGui initialized on DX11 device (1920x1080)
[10:16:37] [INFO ] Notification: Seamless Co-op loaded  |  INSERT to open menu
[10:16:37] [INFO ] H-20: emergency-disable hotkey armed (ctrl=1 shift=1 alt=0 vk=0x23)
[10:16:39] [INFO ] ========================================
[10:16:39] [INFO ] WINDOW TITLE UPDATED!
[10:16:39] [INFO ] ========================================
[10:16:39] [INFO ] Title bar now shows: DARK SOULS II * SEAMLESS CO-OP ACTIVE * Press INSERT for Menu
[10:16:39] [INFO ] 
[10:16:39] [INFO ] This confirms the mod is loaded and active!
[10:16:39] [INFO ] Look at the top of your game window!
[10:16:39] [INFO ] ========================================
[10:17:58] [INFO ] [NET] Game connecting to 104.26.12.205:80
[10:17:58] [WARN ] [NET] BLOCKED outbound to 104.26.12.205:80 (off-allowlist; not loopback, not P2P-range)
[10:18:06] [INFO ] Creating new session...
[10:18:06] [INFO ] Session state: 0 -> 1
[10:18:06] [INFO ] Creating session with password...
[10:18:06] [INFO ] Session created, waiting for peers on port 27015...
[10:18:06] [INFO ] Initializing player sync...
[10:18:06] [INFO ] Player sync will read from GameManagerImp at 0x00007FF442450260
[10:18:06] [INFO ] PatchDismissal: PATCHED loop1 dismissal at exe+0x191C87 (NOPed dismissal call)
[10:18:06] [INFO ] PatchDismissal: PATCHED loop2 dismissal at exe+0x191D17 (NOPed dismissal call)
[10:18:06] [INFO ] PatchPlayerCap: PATCHED exe+0x6ab0b9 (local_6c 3->6)
[10:18:06] [INFO ] PatchPlayerCap: PATCHED exe+0x6ab15e ([RBX+0x1c] 3->6) - protobuf MaxPlayers=6
[10:18:06] [INFO ] Player sync initialized
[10:18:06] [INFO ] Initializing progress sync...
[10:18:06] [INFO ] Progress sync initialized
[10:18:06] [INFO ] [NAME] Character name from GameDataMgr+0x114: mOL
[10:18:06] [INFO ] Session state: 1 -> 2
[10:18:06] [INFO ] [SEAMLESS] Cleared session Steam ID whitelist
[10:18:06] [INFO ] Session created. Local player ID: 50207803
[10:18:06] [INFO ] Notification: Hosting! Waiting for players...
[10:18:07] [INFO ] TeamType FOUND at 0x7FF44A856BB4 (base+0x1374), set to 0
[10:18:07] [INFO ] EnableSummoning: isBonfireStart/Loop bits set (0x1000000 -> 0x1000030)
[10:18:11] [ERROR] MaxPhantomTimer: NetSessionManager not resolved
[10:18:16] [ERROR] MaxPhantomTimer: NetSessionManager not resolved
[10:18:21] [ERROR] MaxPhantomTimer: NetSessionManager not resolved
[10:18:26] [ERROR] MaxPhantomTimer: NetSessionManager not resolved
[10:18:31] [ERROR] MaxPhantomTimer: NetSessionManager not resolved
[10:18:36] [ERROR] MaxPhantomTimer: NetSessionManager not resolved
[10:18:41] [ERROR] MaxPhantomTimer: NetSessionManager not resolved
[10:18:46] [ERROR] MaxPhantomTimer: NetSessionManager not resolved
[10:18:51] [ERROR] MaxPhantomTimer: NetSessionManager not resolved
[10:18:56] [ERROR] MaxPhantomTimer: NetSessionManager not resolved
[10:19:01] [ERROR] MaxPhantomTimer: NetSessionManager not resolved
[10:19:06] [ERROR] MaxPhantomTimer: NetSessionManager not resolved
[10:19:11] [ERROR] MaxPhantomTimer: NetSessionManager not resolved
[10:19:16] [ERROR] MaxPhantomTimer: NetSessionManager not resolved
[10:19:21] [ERROR] MaxPhantomTimer: NetSessionManager not resolved
[10:19:26] [ERROR] MaxPhantomTimer: NetSessionManager not resolved
[10:19:36] [INFO ] Shutting down mod...
[10:19:36] [INFO ] Shutting down mod...
[10:19:36] [INFO ] [SEAMLESS] Disconnect blocking DISABLED
[10:19:36] [INFO ] Blocked 0 disconnect messages during this session
[10:19:36] [INFO ] Total protobuf messages processed: 0
[10:19:36] [INFO ] Shutting down player sync...
[10:19:36] [INFO ] Shutting down progress sync...
[10:19:36] [INFO ] Progress sync shut down
[10:19:36] [INFO ] Shutting down session manager...
[10:19:36] [INFO ] Leaving session...
[10:19:36] [INFO ] Leaving session...
[10:19:36] [INFO ] Session left
[10:19:36] [INFO ] Session state: 2 -> 0
[10:19:36] [INFO ] Left session
[10:19:36] [INFO ] Session manager shut down
[10:19:36] [INFO ] Shutting down peer manager...
[10:19:36] [INFO ] Uninstalling protobuf hooks...
[10:19:36] [INFO ] Uninstalling Winsock hooks...
[10:19:36] [INFO ] Uninstalling game state hooks...
[10:19:36] [INFO ] Shutting down MinHook...
[10:19:36] [INFO ] Mod shutdown complete
===============================
Ended: 2026-05-27 10:19:36
